Archive member included because of file (symbol)

../novoapp_bsp/\libhal_bsp.a(alt_load.o)
                              ../novoapp_bsp//obj/HAL/src/crt0.o (alt_load)
../novoapp_bsp/\libhal_bsp.a(alt_main.o)
                              ../novoapp_bsp//obj/HAL/src/crt0.o (alt_main)
../novoapp_bsp/\libhal_bsp.a(alt_sys_init.o)
                              ../novoapp_bsp/\libhal_bsp.a(alt_main.o) (alt_irq_init)
../novoapp_bsp/\libhal_bsp.a(alt_dcache_flush_all.o)
                              ../novoapp_bsp/\libhal_bsp.a(alt_load.o) (alt_dcache_flush_all)
../novoapp_bsp/\libhal_bsp.a(alt_do_ctors.o)
                              ../novoapp_bsp/\libhal_bsp.a(alt_main.o) (_do_ctors)
../novoapp_bsp/\libhal_bsp.a(alt_icache_flush_all.o)
                              ../novoapp_bsp/\libhal_bsp.a(alt_load.o) (alt_icache_flush_all)
../novoapp_bsp/\libhal_bsp.a(altera_nios2_qsys_irq.o)
                              ../novoapp_bsp/\libhal_bsp.a(alt_sys_init.o) (altera_nios2_qsys_irq_init)
../novoapp_bsp/\libhal_bsp.a(alt_icache_flush.o)
                              ../novoapp_bsp/\libhal_bsp.a(alt_icache_flush_all.o) (alt_icache_flush)

Memory Configuration

Name             Origin             Length             Attributes
reset            0x00008000         0x00000020
onchip_memory    0x00008020         0x00007fe0
*default*        0x00000000         0xffffffff

Linker script and memory map

LOAD ../novoapp_bsp//obj/HAL/src/crt0.o
LOAD obj/default/hello_world_small.o
LOAD obj/default/src/Controller.o
LOAD obj/default/src/Display.o
LOAD obj/default/src/Selector.o
LOAD obj/default/src/reservoirs/ChocolateReservoir.o
LOAD obj/default/src/reservoirs/CoffeReservoir.o
LOAD obj/default/src/reservoirs/MilkReservoir.o
LOAD obj/default/src/reservoirs/SugarReservoir.o
LOAD c:/altera/13.1/nios2eds/bin/gnu/h-i686-mingw32/bin/../lib/gcc/nios2-elf/4.7.3/../../../../../H-i686-mingw32/nios2-elf/lib\libstdc++.a
LOAD c:/altera/13.1/nios2eds/bin/gnu/h-i686-mingw32/bin/../lib/gcc/nios2-elf/4.7.3/../../../../../H-i686-mingw32/nios2-elf/lib\libm.a
LOAD c:/altera/13.1/nios2eds/bin/gnu/h-i686-mingw32/bin/../lib/gcc/nios2-elf/4.7.3\libgcc.a
START GROUP
LOAD c:/altera/13.1/nios2eds/bin/gnu/h-i686-mingw32/bin/../lib/gcc/nios2-elf/4.7.3/../../../../../H-i686-mingw32/nios2-elf/lib\libsmallc.a
LOAD c:/altera/13.1/nios2eds/bin/gnu/h-i686-mingw32/bin/../lib/gcc/nios2-elf/4.7.3\libgcc.a
LOAD ../novoapp_bsp/\libhal_bsp.a
END GROUP
LOAD c:/altera/13.1/nios2eds/bin/gnu/h-i686-mingw32/bin/../lib/gcc/nios2-elf/4.7.3\libgcc.a
                0x00008000                __alt_mem_onchip_memory = 0x8000

.entry          0x00008000       0x20
 *(.entry)
 .entry         0x00008000       0x20 ../novoapp_bsp//obj/HAL/src/crt0.o
                0x00008000                __reset
                0x0000801c                _exit

.exceptions     0x00008020        0x0
                0x00008020                PROVIDE (__ram_exceptions_start, ABSOLUTE (.))
                0x00008020                . = ALIGN (0x20)
 *(.irq)
 *(.exceptions.entry.label)
 *(.exceptions.entry.user)
 *(.exceptions.entry.ecc_fatal)
 *(.exceptions.entry)
 *(.exceptions.irqtest.user)
 *(.exceptions.irqtest)
 *(.exceptions.irqhandler.user)
 *(.exceptions.irqhandler)
 *(.exceptions.irqreturn.user)
 *(.exceptions.irqreturn)
 *(.exceptions.notirq.label)
 *(.exceptions.notirq.user)
 *(.exceptions.notirq)
 *(.exceptions.soft.user)
 *(.exceptions.soft)
 *(.exceptions.unknown.user)
 *(.exceptions.unknown)
 *(.exceptions.exit.label)
 *(.exceptions.exit.user)
 *(.exceptions.exit)
 *(.exceptions)
                0x00008020                PROVIDE (__ram_exceptions_end, ABSOLUTE (.))
                0x00008020                PROVIDE (__flash_exceptions_start, LOADADDR (.exceptions))

.text           0x00008020      0x7c8
                0x00008020                PROVIDE (stext, ABSOLUTE (.))
 *(.interp)
 *(.hash)
 *(.dynsym)
 *(.dynstr)
 *(.gnu.version)
 *(.gnu.version_d)
 *(.gnu.version_r)
 *(.rel.init)
 *(.rela.init)
 *(.rel.text .rel.text.* .rel.gnu.linkonce.t.*)
 *(.rela.text .rela.text.* .rela.gnu.linkonce.t.*)
 *(.rel.fini)
 *(.rela.fini)
 *(.rel.rodata .rel.rodata.* .rel.gnu.linkonce.r.*)
 *(.rela.rodata .rela.rodata.* .rela.gnu.linkonce.r.*)
 *(.rel.data .rel.data.* .rel.gnu.linkonce.d.*)
 *(.rela.data .rela.data.* .rela.gnu.linkonce.d.*)
 *(.rel.tdata .rel.tdata.* .rel.gnu.linkonce.td.*)
 *(.rela.tdata .rela.tdata.* .rela.gnu.linkonce.td.*)
 *(.rel.tbss .rel.tbss.* .rel.gnu.linkonce.tb.*)
 *(.rela.tbss .rela.tbss.* .rela.gnu.linkonce.tb.*)
 *(.rel.ctors)
 *(.rela.ctors)
 *(.rel.dtors)
 *(.rela.dtors)
 *(.rel.got)
 *(.rela.got)
 *(.rel.sdata .rel.sdata.* .rel.gnu.linkonce.s.*)
 *(.rela.sdata .rela.sdata.* .rela.gnu.linkonce.s.*)
 *(.rel.sbss .rel.sbss.* .rel.gnu.linkonce.sb.*)
 *(.rela.sbss .rela.sbss.* .rela.gnu.linkonce.sb.*)
 *(.rel.sdata2 .rel.sdata2.* .rel.gnu.linkonce.s2.*)
 *(.rela.sdata2 .rela.sdata2.* .rela.gnu.linkonce.s2.*)
 *(.rel.sbss2 .rel.sbss2.* .rel.gnu.linkonce.sb2.*)
 *(.rela.sbss2 .rela.sbss2.* .rela.gnu.linkonce.sb2.*)
 *(.rel.bss .rel.bss.* .rel.gnu.linkonce.b.*)
 *(.rela.bss .rela.bss.* .rela.gnu.linkonce.b.*)
 *(.rel.plt)
 *(.rela.plt)
 *(.rel.dyn)
 *(.init)
 *(.plt)
 *(.text .stub .text.* .gnu.linkonce.t.*)
 .text          0x00008020       0x4c ../novoapp_bsp//obj/HAL/src/crt0.o
                0x00008020                _start
 .text          0x0000806c        0x0 obj/default/hello_world_small.o
 .text.startup  0x0000806c      0x14c obj/default/hello_world_small.o
                0x0000806c                main
 .text          0x000081b8      0x1dc obj/default/src/Controller.o
                0x000081b8                Controller::Controller()
                0x000081b8                Controller::Controller()
                0x000081f0                Controller::needToResupply(coffeTypes, bool)
                0x000082c0                Controller::refill(coffeTypes, bool)
                0x00008390                Controller::make(coffeTypes, bool)
 .text          0x00008394      0x174 obj/default/src/Display.o
                0x00008394                Display::Display()
                0x00008394                Display::Display()
                0x000083b0                Display::refreshLeds()
                0x0000843c                Display::setLedRepor(int)
                0x00008444                Display::setLedCopo(int)
                0x0000844c                Display::setLedCoffe(int)
                0x00008454                Display::setLedCoffeMilk(int)
                0x0000845c                Display::setLedMocacchino(int)
                0x00008464                Display::setLedSugar(int)
                0x0000846c                Display::clearDisplays()
                0x00008498                Display::showDone()
                0x000084d0                Display::showWait()
 .text          0x00008508       0x88 obj/default/src/Selector.o
                0x00008508                Selector::Selector()
                0x00008508                Selector::Selector()
                0x0000850c                Selector::isPrepararPressed()
                0x00008520                Selector::isReporPressed()
                0x00008534                Selector::getSelectedCoffe()
                0x00008578                Selector::isWithSugar()
 .text          0x00008590       0x14 obj/default/src/reservoirs/ChocolateReservoir.o
                0x00008590                ChocolateReservoir::ChocolateReservoir()
                0x00008590                ChocolateReservoir::ChocolateReservoir()
                0x00008594                ChocolateReservoir::setAmount(int)
                0x0000859c                ChocolateReservoir::getAmount()
 .text          0x000085a4       0x14 obj/default/src/reservoirs/CoffeReservoir.o
                0x000085a4                CoffeReservoir::CoffeReservoir()
                0x000085a4                CoffeReservoir::CoffeReservoir()
                0x000085a8                CoffeReservoir::setAmount(int)
                0x000085b0                CoffeReservoir::getAmount()
 .text          0x000085b8       0x14 obj/default/src/reservoirs/MilkReservoir.o
                0x000085b8                MilkReservoir::MilkReservoir()
                0x000085b8                MilkReservoir::MilkReservoir()
                0x000085bc                MilkReservoir::setAmount(int)
                0x000085c4                MilkReservoir::getAmount()
 .text          0x000085cc       0x14 obj/default/src/reservoirs/SugarReservoir.o
                0x000085cc                SugarReservoir::SugarReservoir()
                0x000085cc                SugarReservoir::SugarReservoir()
                0x000085d0                SugarReservoir::setAmount(int)
                0x000085d8                SugarReservoir::getAmount()
 .text          0x000085e0      0x104 ../novoapp_bsp/\libhal_bsp.a(alt_load.o)
                0x000085e0                alt_load
 .text          0x000086e4       0x30 ../novoapp_bsp/\libhal_bsp.a(alt_main.o)
                0x000086e4                alt_main
 .text          0x00008714       0x24 ../novoapp_bsp/\libhal_bsp.a(alt_sys_init.o)
                0x00008714                alt_irq_init
                0x00008734                alt_sys_init
 .text          0x00008738       0x18 ../novoapp_bsp/\libhal_bsp.a(alt_dcache_flush_all.o)
                0x00008738                alt_dcache_flush_all
 .text          0x00008750       0x48 ../novoapp_bsp/\libhal_bsp.a(alt_do_ctors.o)
                0x00008750                _do_ctors
 .text          0x00008798        0xc ../novoapp_bsp/\libhal_bsp.a(alt_icache_flush_all.o)
                0x00008798                alt_icache_flush_all
 .text          0x000087a4        0x8 ../novoapp_bsp/\libhal_bsp.a(altera_nios2_qsys_irq.o)
                0x000087a4                altera_nios2_qsys_irq_init
 .text          0x000087ac       0x38 ../novoapp_bsp/\libhal_bsp.a(alt_icache_flush.o)
                0x000087ac                alt_icache_flush
 *(.gnu.warning.*)
 *(.fini)
                0x000087e4                PROVIDE (__etext, ABSOLUTE (.))
                0x000087e4                PROVIDE (_etext, ABSOLUTE (.))
                0x000087e4                PROVIDE (etext, ABSOLUTE (.))
 *(.eh_frame_hdr)
                0x000087e4                . = ALIGN (0x4)
                0x000087e4                PROVIDE (__preinit_array_start, ABSOLUTE (.))
 *(.preinit_array)
                0x000087e4                PROVIDE (__preinit_array_end, ABSOLUTE (.))
                0x000087e4                PROVIDE (__init_array_start, ABSOLUTE (.))
 *(.init_array)
                0x000087e4                PROVIDE (__init_array_end, ABSOLUTE (.))
                0x000087e4                PROVIDE (__fini_array_start, ABSOLUTE (.))
 *(.fini_array)
                0x000087e4                PROVIDE (__fini_array_end, ABSOLUTE (.))
 *(.eh_frame)
 *(.gcc_except_table .gcc_except_table.*)
 *(.dynamic)
                0x000087e4                PROVIDE (__CTOR_LIST__, ABSOLUTE (.))
 *(.ctors)
 .ctors         0x000087e4        0x4 obj/default/hello_world_small.o
 *(SORT(.ctors.*))
                0x000087e8                PROVIDE (__CTOR_END__, ABSOLUTE (.))
                0x000087e8                PROVIDE (__DTOR_LIST__, ABSOLUTE (.))
 *(.dtors)
 *(SORT(.dtors.*))
                0x000087e8                PROVIDE (__DTOR_END__, ABSOLUTE (.))
 *(.jcr)
                0x000087e8                . = ALIGN (0x4)

.rodata         0x000087e8        0x0
                0x000087e8                PROVIDE (__ram_rodata_start, ABSOLUTE (.))
                0x000087e8                . = ALIGN (0x4)
 *(.rodata .rodata.* .gnu.linkonce.r.*)
 *(.rodata1)
                0x000087e8                . = ALIGN (0x4)
                0x000087e8                PROVIDE (__ram_rodata_end, ABSOLUTE (.))
                0x000087e8                PROVIDE (__flash_rodata_start, LOADADDR (.rodata))

.rwdata         0x000087e8        0x4 load address 0x000087ec
                0x000087e8                PROVIDE (__ram_rwdata_start, ABSOLUTE (.))
                0x000087e8                . = ALIGN (0x4)
 *(.got.plt)
 *(.got)
 *(.data1)
 *(.data .data.* .gnu.linkonce.d.*)
 .data          0x000087e8        0x0 ../novoapp_bsp//obj/HAL/src/crt0.o
 .data          0x000087e8        0x0 obj/default/hello_world_small.o
 .data          0x000087e8        0x0 obj/default/src/Controller.o
 .data          0x000087e8        0x0 obj/default/src/Display.o
 .data          0x000087e8        0x0 obj/default/src/Selector.o
 .data          0x000087e8        0x0 obj/default/src/reservoirs/ChocolateReservoir.o
 .data          0x000087e8        0x0 obj/default/src/reservoirs/CoffeReservoir.o
 .data          0x000087e8        0x0 obj/default/src/reservoirs/MilkReservoir.o
 .data          0x000087e8        0x0 obj/default/src/reservoirs/SugarReservoir.o
 .data          0x000087e8        0x0 ../novoapp_bsp/\libhal_bsp.a(alt_load.o)
 .data          0x000087e8        0x0 ../novoapp_bsp/\libhal_bsp.a(alt_main.o)
 .data          0x000087e8        0x0 ../novoapp_bsp/\libhal_bsp.a(alt_sys_init.o)
 .data          0x000087e8        0x0 ../novoapp_bsp/\libhal_bsp.a(alt_dcache_flush_all.o)
 .data          0x000087e8        0x0 ../novoapp_bsp/\libhal_bsp.a(alt_do_ctors.o)
 .data          0x000087e8        0x0 ../novoapp_bsp/\libhal_bsp.a(alt_icache_flush_all.o)
 .data          0x000087e8        0x0 ../novoapp_bsp/\libhal_bsp.a(altera_nios2_qsys_irq.o)
 .data          0x000087e8        0x0 ../novoapp_bsp/\libhal_bsp.a(alt_icache_flush.o)
                0x000107e8                _gp = ABSOLUTE ((. + 0x8000))
                0x000107e8                PROVIDE (gp, _gp)
 *(.rwdata .rwdata.*)
 *(.sdata .sdata.* .gnu.linkonce.s.*)
 .sdata         0x000087e8        0x4 ../novoapp_bsp/\libhal_bsp.a(alt_sys_init.o)
                0x000087e8                jtag_uart
 *(.sdata2 .sdata2.* .gnu.linkonce.s2.*)
                0x000087ec                . = ALIGN (0x4)
                0x000087ec                _edata = ABSOLUTE (.)
                0x000087ec                PROVIDE (edata, ABSOLUTE (.))
                0x000087ec                PROVIDE (__ram_rwdata_end, ABSOLUTE (.))
                0x000087ec                PROVIDE (__flash_rwdata_start, LOADADDR (.rwdata))

.bss            0x000087f0       0x40
                0x000087f0                __bss_start = ABSOLUTE (.)
                0x000087f0                PROVIDE (__sbss_start, ABSOLUTE (.))
                0x000087f0                PROVIDE (___sbss_start, ABSOLUTE (.))
 *(.dynsbss)
 *(.sbss .sbss.* .gnu.linkonce.sb.*)
 .sbss          0x000087f0        0x8 obj/default/hello_world_small.o
                0x000087f0                state
                0x000087f4                selector
 .sbss          0x000087f8        0xc ../novoapp_bsp/\libhal_bsp.a(alt_main.o)
                0x000087f8                alt_envp
                0x000087fc                alt_argv
                0x00008800                alt_argc
 *(.sbss2 .sbss2.* .gnu.linkonce.sb2.*)
 *(.scommon)
                0x00008804                PROVIDE (__sbss_end, ABSOLUTE (.))
                0x00008804                PROVIDE (___sbss_end, ABSOLUTE (.))
 *(.dynbss)
 *(.bss .bss.* .gnu.linkonce.b.*)
 .bss           0x00008804        0x0 ../novoapp_bsp//obj/HAL/src/crt0.o
 .bss           0x00008804       0x2c obj/default/hello_world_small.o
                0x00008804                display
                0x00008820                controller
 .bss           0x00008830        0x0 obj/default/src/Controller.o
 .bss           0x00008830        0x0 obj/default/src/Display.o
 .bss           0x00008830        0x0 obj/default/src/Selector.o
 .bss           0x00008830        0x0 obj/default/src/reservoirs/ChocolateReservoir.o
 .bss           0x00008830        0x0 obj/default/src/reservoirs/CoffeReservoir.o
 .bss           0x00008830        0x0 obj/default/src/reservoirs/MilkReservoir.o
 .bss           0x00008830        0x0 obj/default/src/reservoirs/SugarReservoir.o
 .bss           0x00008830        0x0 ../novoapp_bsp/\libhal_bsp.a(alt_load.o)
 .bss           0x00008830        0x0 ../novoapp_bsp/\libhal_bsp.a(alt_main.o)
 .bss           0x00008830        0x0 ../novoapp_bsp/\libhal_bsp.a(alt_sys_init.o)
 .bss           0x00008830        0x0 ../novoapp_bsp/\libhal_bsp.a(alt_dcache_flush_all.o)
 .bss           0x00008830        0x0 ../novoapp_bsp/\libhal_bsp.a(alt_do_ctors.o)
 .bss           0x00008830        0x0 ../novoapp_bsp/\libhal_bsp.a(alt_icache_flush_all.o)
 .bss           0x00008830        0x0 ../novoapp_bsp/\libhal_bsp.a(altera_nios2_qsys_irq.o)
 .bss           0x00008830        0x0 ../novoapp_bsp/\libhal_bsp.a(alt_icache_flush.o)
 *(COMMON)
                0x00008830                . = ALIGN (0x4)
                0x00008830                __bss_end = ABSOLUTE (.)

.onchip_memory  0x00008830        0x0
                0x00008830                PROVIDE (_alt_partition_onchip_memory_start, ABSOLUTE (.))
 *(.onchip_memory .onchip_memory. onchip_memory.*)
                0x00008830                . = ALIGN (0x4)
                0x00008830                PROVIDE (_alt_partition_onchip_memory_end, ABSOLUTE (.))
                0x00008830                _end = ABSOLUTE (.)
                0x00008830                end = ABSOLUTE (.)
                0x00008830                __alt_stack_base = ABSOLUTE (.)
                0x00008830                PROVIDE (_alt_partition_onchip_memory_load_addr, LOADADDR (.onchip_memory))

.stab
 *(.stab)

.stabstr
 *(.stabstr)

.stab.excl
 *(.stab.excl)

.stab.exclstr
 *(.stab.exclstr)

.stab.index
 *(.stab.index)

.stab.indexstr
 *(.stab.indexstr)

.comment        0x00000000       0x23
 *(.comment)
 .comment       0x00000000       0x23 obj/default/hello_world_small.o
                                 0x24 (size before relaxing)
 .comment       0x00000000       0x24 obj/default/src/Controller.o
 .comment       0x00000000       0x24 obj/default/src/Display.o
 .comment       0x00000000       0x24 obj/default/src/Selector.o
 .comment       0x00000000       0x24 obj/default/src/reservoirs/ChocolateReservoir.o
 .comment       0x00000000       0x24 obj/default/src/reservoirs/CoffeReservoir.o
 .comment       0x00000000       0x24 obj/default/src/reservoirs/MilkReservoir.o
 .comment       0x00000000       0x24 obj/default/src/reservoirs/SugarReservoir.o
 .comment       0x00000000       0x24 ../novoapp_bsp/\libhal_bsp.a(alt_load.o)
 .comment       0x00000000       0x24 ../novoapp_bsp/\libhal_bsp.a(alt_main.o)
 .comment       0x00000000       0x24 ../novoapp_bsp/\libhal_bsp.a(alt_sys_init.o)
 .comment       0x00000000       0x24 ../novoapp_bsp/\libhal_bsp.a(alt_dcache_flush_all.o)
 .comment       0x00000000       0x24 ../novoapp_bsp/\libhal_bsp.a(alt_do_ctors.o)
 .comment       0x00000000       0x24 ../novoapp_bsp/\libhal_bsp.a(alt_icache_flush_all.o)
 .comment       0x00000000       0x24 ../novoapp_bsp/\libhal_bsp.a(altera_nios2_qsys_irq.o)
 .comment       0x00000000       0x24 ../novoapp_bsp/\libhal_bsp.a(alt_icache_flush.o)

.debug
 *(.debug)

.line
 *(.line)

.debug_srcinfo
 *(.debug_srcinfo)

.debug_sfnames
 *(.debug_sfnames)

.debug_aranges  0x00000000      0x230
 *(.debug_aranges)
 .debug_aranges
                0x00000000       0x28 ../novoapp_bsp//obj/HAL/src/crt0.o
 .debug_aranges
                0x00000028       0x28 obj/default/hello_world_small.o
 .debug_aranges
                0x00000050       0x20 obj/default/src/Controller.o
 .debug_aranges
                0x00000070       0x20 obj/default/src/Display.o
 .debug_aranges
                0x00000090       0x20 obj/default/src/Selector.o
 .debug_aranges
                0x000000b0       0x20 obj/default/src/reservoirs/ChocolateReservoir.o
 .debug_aranges
                0x000000d0       0x20 obj/default/src/reservoirs/CoffeReservoir.o
 .debug_aranges
                0x000000f0       0x20 obj/default/src/reservoirs/MilkReservoir.o
 .debug_aranges
                0x00000110       0x20 obj/default/src/reservoirs/SugarReservoir.o
 .debug_aranges
                0x00000130       0x20 ../novoapp_bsp/\libhal_bsp.a(alt_load.o)
 .debug_aranges
                0x00000150       0x20 ../novoapp_bsp/\libhal_bsp.a(alt_main.o)
 .debug_aranges
                0x00000170       0x20 ../novoapp_bsp/\libhal_bsp.a(alt_sys_init.o)
 .debug_aranges
                0x00000190       0x20 ../novoapp_bsp/\libhal_bsp.a(alt_dcache_flush_all.o)
 .debug_aranges
                0x000001b0       0x20 ../novoapp_bsp/\libhal_bsp.a(alt_do_ctors.o)
 .debug_aranges
                0x000001d0       0x20 ../novoapp_bsp/\libhal_bsp.a(alt_icache_flush_all.o)
 .debug_aranges
                0x000001f0       0x20 ../novoapp_bsp/\libhal_bsp.a(altera_nios2_qsys_irq.o)
 .debug_aranges
                0x00000210       0x20 ../novoapp_bsp/\libhal_bsp.a(alt_icache_flush.o)

.debug_pubnames
 *(.debug_pubnames)

.debug_info     0x00000000     0x227d
 *(.debug_info .gnu.linkonce.wi.*)
 .debug_info    0x00000000       0x60 ../novoapp_bsp//obj/HAL/src/crt0.o
 .debug_info    0x00000060      0x7df obj/default/hello_world_small.o
 .debug_info    0x0000083f      0x5aa obj/default/src/Controller.o
 .debug_info    0x00000de9      0x4d9 obj/default/src/Display.o
 .debug_info    0x000012c2      0x260 obj/default/src/Selector.o
 .debug_info    0x00001522      0x141 obj/default/src/reservoirs/ChocolateReservoir.o
 .debug_info    0x00001663      0x141 obj/default/src/reservoirs/CoffeReservoir.o
 .debug_info    0x000017a4      0x141 obj/default/src/reservoirs/MilkReservoir.o
 .debug_info    0x000018e5      0x141 obj/default/src/reservoirs/SugarReservoir.o
 .debug_info    0x00001a26      0x1b5 ../novoapp_bsp/\libhal_bsp.a(alt_load.o)
 .debug_info    0x00001bdb      0x1a7 ../novoapp_bsp/\libhal_bsp.a(alt_main.o)
 .debug_info    0x00001d82      0x193 ../novoapp_bsp/\libhal_bsp.a(alt_sys_init.o)
 .debug_info    0x00001f15       0xa3 ../novoapp_bsp/\libhal_bsp.a(alt_dcache_flush_all.o)
 .debug_info    0x00001fb8       0x8e ../novoapp_bsp/\libhal_bsp.a(alt_do_ctors.o)
 .debug_info    0x00002046       0xcd ../novoapp_bsp/\libhal_bsp.a(alt_icache_flush_all.o)
 .debug_info    0x00002113       0x8f ../novoapp_bsp/\libhal_bsp.a(altera_nios2_qsys_irq.o)
 .debug_info    0x000021a2       0xdb ../novoapp_bsp/\libhal_bsp.a(alt_icache_flush.o)

.debug_abbrev   0x00000000     0x1056
 *(.debug_abbrev)
 .debug_abbrev  0x00000000       0x12 ../novoapp_bsp//obj/HAL/src/crt0.o
 .debug_abbrev  0x00000012      0x1d9 obj/default/hello_world_small.o
 .debug_abbrev  0x000001eb      0x1ef obj/default/src/Controller.o
 .debug_abbrev  0x000003da      0x161 obj/default/src/Display.o
 .debug_abbrev  0x0000053b      0x15e obj/default/src/Selector.o
 .debug_abbrev  0x00000699      0x122 obj/default/src/reservoirs/ChocolateReservoir.o
 .debug_abbrev  0x000007bb      0x122 obj/default/src/reservoirs/CoffeReservoir.o
 .debug_abbrev  0x000008dd      0x122 obj/default/src/reservoirs/MilkReservoir.o
 .debug_abbrev  0x000009ff      0x122 obj/default/src/reservoirs/SugarReservoir.o
 .debug_abbrev  0x00000b21       0xd6 ../novoapp_bsp/\libhal_bsp.a(alt_load.o)
 .debug_abbrev  0x00000bf7      0x120 ../novoapp_bsp/\libhal_bsp.a(alt_main.o)
 .debug_abbrev  0x00000d17      0x105 ../novoapp_bsp/\libhal_bsp.a(alt_sys_init.o)
 .debug_abbrev  0x00000e1c       0x5a ../novoapp_bsp/\libhal_bsp.a(alt_dcache_flush_all.o)
 .debug_abbrev  0x00000e76       0x79 ../novoapp_bsp/\libhal_bsp.a(alt_do_ctors.o)
 .debug_abbrev  0x00000eef       0x8a ../novoapp_bsp/\libhal_bsp.a(alt_icache_flush_all.o)
 .debug_abbrev  0x00000f79       0x42 ../novoapp_bsp/\libhal_bsp.a(altera_nios2_qsys_irq.o)
 .debug_abbrev  0x00000fbb       0x9b ../novoapp_bsp/\libhal_bsp.a(alt_icache_flush.o)

.debug_line     0x00000000      0xa25
 *(.debug_line)
 .debug_line    0x00000000       0x72 ../novoapp_bsp//obj/HAL/src/crt0.o
 .debug_line    0x00000072      0x118 obj/default/hello_world_small.o
 .debug_line    0x0000018a      0x117 obj/default/src/Controller.o
 .debug_line    0x000002a1       0xad obj/default/src/Display.o
 .debug_line    0x0000034e       0x93 obj/default/src/Selector.o
 .debug_line    0x000003e1       0x6f obj/default/src/reservoirs/ChocolateReservoir.o
 .debug_line    0x00000450       0x67 obj/default/src/reservoirs/CoffeReservoir.o
 .debug_line    0x000004b7       0x65 obj/default/src/reservoirs/MilkReservoir.o
 .debug_line    0x0000051c       0x67 obj/default/src/reservoirs/SugarReservoir.o
 .debug_line    0x00000583       0xd6 ../novoapp_bsp/\libhal_bsp.a(alt_load.o)
 .debug_line    0x00000659       0xc0 ../novoapp_bsp/\libhal_bsp.a(alt_main.o)
 .debug_line    0x00000719      0x101 ../novoapp_bsp/\libhal_bsp.a(alt_sys_init.o)
 .debug_line    0x0000081a       0x5a ../novoapp_bsp/\libhal_bsp.a(alt_dcache_flush_all.o)
 .debug_line    0x00000874       0x5d ../novoapp_bsp/\libhal_bsp.a(alt_do_ctors.o)
 .debug_line    0x000008d1       0x87 ../novoapp_bsp/\libhal_bsp.a(alt_icache_flush_all.o)
 .debug_line    0x00000958       0x50 ../novoapp_bsp/\libhal_bsp.a(altera_nios2_qsys_irq.o)
 .debug_line    0x000009a8       0x7d ../novoapp_bsp/\libhal_bsp.a(alt_icache_flush.o)

.debug_frame    0x00000000      0x40c
 *(.debug_frame)
 .debug_frame   0x00000000       0x48 obj/default/hello_world_small.o
 .debug_frame   0x00000048       0x70 obj/default/src/Controller.o
 .debug_frame   0x000000b8       0xc0 obj/default/src/Display.o
 .debug_frame   0x00000178       0x60 obj/default/src/Selector.o
 .debug_frame   0x000001d8       0x40 obj/default/src/reservoirs/ChocolateReservoir.o
 .debug_frame   0x00000218       0x40 obj/default/src/reservoirs/CoffeReservoir.o
 .debug_frame   0x00000258       0x40 obj/default/src/reservoirs/MilkReservoir.o
 .debug_frame   0x00000298       0x40 obj/default/src/reservoirs/SugarReservoir.o
 .debug_frame   0x000002d8       0x28 ../novoapp_bsp/\libhal_bsp.a(alt_load.o)
 .debug_frame   0x00000300       0x28 ../novoapp_bsp/\libhal_bsp.a(alt_main.o)
 .debug_frame   0x00000328       0x38 ../novoapp_bsp/\libhal_bsp.a(alt_sys_init.o)
 .debug_frame   0x00000360       0x20 ../novoapp_bsp/\libhal_bsp.a(alt_dcache_flush_all.o)
 .debug_frame   0x00000380       0x2c ../novoapp_bsp/\libhal_bsp.a(alt_do_ctors.o)
 .debug_frame   0x000003ac       0x20 ../novoapp_bsp/\libhal_bsp.a(alt_icache_flush_all.o)
 .debug_frame   0x000003cc       0x20 ../novoapp_bsp/\libhal_bsp.a(altera_nios2_qsys_irq.o)
 .debug_frame   0x000003ec       0x20 ../novoapp_bsp/\libhal_bsp.a(alt_icache_flush.o)

.debug_str      0x00000000      0xb6e
 *(.debug_str)
 .debug_str     0x00000000      0x682 obj/default/hello_world_small.o
                                0x6d1 (size before relaxing)
 .debug_str     0x00000682       0x36 obj/default/src/Controller.o
                                0x2f8 (size before relaxing)
 .debug_str     0x000006b8       0x2e obj/default/src/Display.o
                                0x2c3 (size before relaxing)
 .debug_str     0x000006e6       0x2d obj/default/src/Selector.o
                                0x1f0 (size before relaxing)
 .debug_str     0x00000713       0x42 obj/default/src/reservoirs/ChocolateReservoir.o
                                 0xf3 (size before relaxing)
 .debug_str     0x00000755       0x3a obj/default/src/reservoirs/CoffeReservoir.o
                                 0xdf (size before relaxing)
 .debug_str     0x0000078f       0x38 obj/default/src/reservoirs/MilkReservoir.o
                                 0xda (size before relaxing)
 .debug_str     0x000007c7       0x3a obj/default/src/reservoirs/SugarReservoir.o
                                 0xdf (size before relaxing)
 .debug_str     0x00000801      0x15c ../novoapp_bsp/\libhal_bsp.a(alt_load.o)
                                0x1e5 (size before relaxing)
 .debug_str     0x0000095d       0x99 ../novoapp_bsp/\libhal_bsp.a(alt_main.o)
                                0x168 (size before relaxing)
 .debug_str     0x000009f6       0xb0 ../novoapp_bsp/\libhal_bsp.a(alt_sys_init.o)
                                0x1cd (size before relaxing)
 .debug_str     0x00000aa6       0x1f ../novoapp_bsp/\libhal_bsp.a(alt_dcache_flush_all.o)
                                 0xfe (size before relaxing)
 .debug_str     0x00000ac5       0x3e ../novoapp_bsp/\libhal_bsp.a(alt_do_ctors.o)
                                 0x85 (size before relaxing)
 .debug_str     0x00000b03       0x30 ../novoapp_bsp/\libhal_bsp.a(alt_icache_flush_all.o)
                                0x117 (size before relaxing)
 .debug_str     0x00000b33       0x20 ../novoapp_bsp/\libhal_bsp.a(altera_nios2_qsys_irq.o)
                                0x105 (size before relaxing)
 .debug_str     0x00000b53       0x1b ../novoapp_bsp/\libhal_bsp.a(alt_icache_flush.o)
                                0x104 (size before relaxing)

.debug_loc      0x00000000      0x5f5
 *(.debug_loc)
 .debug_loc     0x00000000       0xaa obj/default/hello_world_small.o
 .debug_loc     0x000000aa      0x246 obj/default/src/Controller.o
 .debug_loc     0x000002f0      0x18c obj/default/src/Display.o
 .debug_loc     0x0000047c       0x3c obj/default/src/Selector.o
 .debug_loc     0x000004b8       0x20 ../novoapp_bsp/\libhal_bsp.a(alt_load.o)
 .debug_loc     0x000004d8       0x20 ../novoapp_bsp/\libhal_bsp.a(alt_main.o)
 .debug_loc     0x000004f8       0x41 ../novoapp_bsp/\libhal_bsp.a(alt_sys_init.o)
 .debug_loc     0x00000539       0x1f ../novoapp_bsp/\libhal_bsp.a(alt_dcache_flush_all.o)
 .debug_loc     0x00000558       0x4b ../novoapp_bsp/\libhal_bsp.a(alt_do_ctors.o)
 .debug_loc     0x000005a3       0x52 ../novoapp_bsp/\libhal_bsp.a(alt_icache_flush.o)

.debug_macinfo
 *(.debug_macinfo)

.debug_weaknames
 *(.debug_weaknames)

.debug_funcnames
 *(.debug_funcnames)

.debug_typenames
 *(.debug_typenames)

.debug_varnames
 *(.debug_varnames)

.debug_alt_sim_info
                0x00000000       0x30
 *(.debug_alt_sim_info)
 .debug_alt_sim_info
                0x00000000       0x30 ../novoapp_bsp//obj/HAL/src/crt0.o
                0x00010000                __alt_data_end = 0x10000
                0x00010000                PROVIDE (__alt_stack_pointer, __alt_data_end)
                0x00008830                PROVIDE (__alt_stack_limit, __alt_stack_base)
                0x00008830                PROVIDE (__alt_heap_start, end)
                0x00010000                PROVIDE (__alt_heap_limit, 0x10000)
OUTPUT(novoapp.elf elf32-littlenios2)

.debug_ranges   0x00000000       0xc0
 .debug_ranges  0x00000000       0x20 ../novoapp_bsp//obj/HAL/src/crt0.o
 .debug_ranges  0x00000020       0x58 obj/default/hello_world_small.o
 .debug_ranges  0x00000078       0x48 ../novoapp_bsp/\libhal_bsp.a(alt_load.o)
