Archive member included because of file (symbol)

../controle_caldeira_bsp/\libhal_bsp.a(alt_load.o)
                              ../controle_caldeira_bsp//obj/HAL/src/crt0.o (alt_load)
../controle_caldeira_bsp/\libhal_bsp.a(alt_main.o)
                              ../controle_caldeira_bsp//obj/HAL/src/crt0.o (alt_main)
../controle_caldeira_bsp/\libhal_bsp.a(alt_putstr.o)
                              obj/default/hello_world_small.o (alt_putstr)
../controle_caldeira_bsp/\libhal_bsp.a(alt_sys_init.o)
                              ../controle_caldeira_bsp/\libhal_bsp.a(alt_main.o) (alt_irq_init)
../controle_caldeira_bsp/\libhal_bsp.a(altera_avalon_jtag_uart_write.o)
                              ../controle_caldeira_bsp/\libhal_bsp.a(alt_putstr.o) (altera_avalon_jtag_uart_write)
../controle_caldeira_bsp/\libhal_bsp.a(alt_dcache_flush_all.o)
                              ../controle_caldeira_bsp/\libhal_bsp.a(alt_load.o) (alt_dcache_flush_all)
../controle_caldeira_bsp/\libhal_bsp.a(alt_icache_flush_all.o)
                              ../controle_caldeira_bsp/\libhal_bsp.a(alt_load.o) (alt_icache_flush_all)
../controle_caldeira_bsp/\libhal_bsp.a(altera_nios2_qsys_irq.o)
                              ../controle_caldeira_bsp/\libhal_bsp.a(alt_sys_init.o) (altera_nios2_qsys_irq_init)
../controle_caldeira_bsp/\libhal_bsp.a(alt_icache_flush.o)
                              ../controle_caldeira_bsp/\libhal_bsp.a(alt_icache_flush_all.o) (alt_icache_flush)
c:/altera/13.1/nios2eds/bin/gnu/h-i686-mingw32/bin/../lib/gcc/nios2-elf/4.7.3/../../../../../H-i686-mingw32/nios2-elf/lib\libsmallc.a(lib_a-strlen.o)
                              ../controle_caldeira_bsp/\libhal_bsp.a(alt_putstr.o) (strlen)

Memory Configuration

Name             Origin             Length             Attributes
reset            0x00008000         0x00000020
onchip_memory    0x00008020         0x00007fe0
*default*        0x00000000         0xffffffff

Linker script and memory map

LOAD ../controle_caldeira_bsp//obj/HAL/src/crt0.o
LOAD obj/default/hello_world_small.o
LOAD c:/altera/13.1/nios2eds/bin/gnu/h-i686-mingw32/bin/../lib/gcc/nios2-elf/4.7.3/../../../../../H-i686-mingw32/nios2-elf/lib\libstdc++.a
LOAD c:/altera/13.1/nios2eds/bin/gnu/h-i686-mingw32/bin/../lib/gcc/nios2-elf/4.7.3/../../../../../H-i686-mingw32/nios2-elf/lib\libm.a
LOAD c:/altera/13.1/nios2eds/bin/gnu/h-i686-mingw32/bin/../lib/gcc/nios2-elf/4.7.3\libgcc.a
START GROUP
LOAD c:/altera/13.1/nios2eds/bin/gnu/h-i686-mingw32/bin/../lib/gcc/nios2-elf/4.7.3/../../../../../H-i686-mingw32/nios2-elf/lib\libsmallc.a
LOAD c:/altera/13.1/nios2eds/bin/gnu/h-i686-mingw32/bin/../lib/gcc/nios2-elf/4.7.3\libgcc.a
LOAD ../controle_caldeira_bsp/\libhal_bsp.a
END GROUP
LOAD c:/altera/13.1/nios2eds/bin/gnu/h-i686-mingw32/bin/../lib/gcc/nios2-elf/4.7.3\libgcc.a
                0x00008000                __alt_mem_onchip_memory = 0x8000

.entry          0x00008000       0x20
 *(.entry)
 .entry         0x00008000       0x20 ../controle_caldeira_bsp//obj/HAL/src/crt0.o
                0x00008000                __reset
                0x0000801c                _exit

.exceptions     0x00008020        0x0
                0x00008020                PROVIDE (__ram_exceptions_start, ABSOLUTE (.))
                0x00008020                . = ALIGN (0x20)
 *(.irq)
 *(.exceptions.entry.label)
 *(.exceptions.entry.user)
 *(.exceptions.entry.ecc_fatal)
 *(.exceptions.entry)
 *(.exceptions.irqtest.user)
 *(.exceptions.irqtest)
 *(.exceptions.irqhandler.user)
 *(.exceptions.irqhandler)
 *(.exceptions.irqreturn.user)
 *(.exceptions.irqreturn)
 *(.exceptions.notirq.label)
 *(.exceptions.notirq.user)
 *(.exceptions.notirq)
 *(.exceptions.soft.user)
 *(.exceptions.soft)
 *(.exceptions.unknown.user)
 *(.exceptions.unknown)
 *(.exceptions.exit.label)
 *(.exceptions.exit.user)
 *(.exceptions.exit)
 *(.exceptions)
                0x00008020                PROVIDE (__ram_exceptions_end, ABSOLUTE (.))
                0x00008020                PROVIDE (__flash_exceptions_start, LOADADDR (.exceptions))

.text           0x00008020      0x36c
                0x00008020                PROVIDE (stext, ABSOLUTE (.))
 *(.interp)
 *(.hash)
 *(.dynsym)
 *(.dynstr)
 *(.gnu.version)
 *(.gnu.version_d)
 *(.gnu.version_r)
 *(.rel.init)
 *(.rela.init)
 *(.rel.text .rel.text.* .rel.gnu.linkonce.t.*)
 *(.rela.text .rela.text.* .rela.gnu.linkonce.t.*)
 *(.rel.fini)
 *(.rela.fini)
 *(.rel.rodata .rel.rodata.* .rel.gnu.linkonce.r.*)
 *(.rela.rodata .rela.rodata.* .rela.gnu.linkonce.r.*)
 *(.rel.data .rel.data.* .rel.gnu.linkonce.d.*)
 *(.rela.data .rela.data.* .rela.gnu.linkonce.d.*)
 *(.rel.tdata .rel.tdata.* .rel.gnu.linkonce.td.*)
 *(.rela.tdata .rela.tdata.* .rela.gnu.linkonce.td.*)
 *(.rel.tbss .rel.tbss.* .rel.gnu.linkonce.tb.*)
 *(.rela.tbss .rela.tbss.* .rela.gnu.linkonce.tb.*)
 *(.rel.ctors)
 *(.rela.ctors)
 *(.rel.dtors)
 *(.rela.dtors)
 *(.rel.got)
 *(.rela.got)
 *(.rel.sdata .rel.sdata.* .rel.gnu.linkonce.s.*)
 *(.rela.sdata .rela.sdata.* .rela.gnu.linkonce.s.*)
 *(.rel.sbss .rel.sbss.* .rel.gnu.linkonce.sb.*)
 *(.rela.sbss .rela.sbss.* .rela.gnu.linkonce.sb.*)
 *(.rel.sdata2 .rel.sdata2.* .rel.gnu.linkonce.s2.*)
 *(.rela.sdata2 .rela.sdata2.* .rela.gnu.linkonce.s2.*)
 *(.rel.sbss2 .rel.sbss2.* .rel.gnu.linkonce.sb2.*)
 *(.rela.sbss2 .rela.sbss2.* .rela.gnu.linkonce.sb2.*)
 *(.rel.bss .rel.bss.* .rel.gnu.linkonce.b.*)
 *(.rela.bss .rela.bss.* .rela.gnu.linkonce.b.*)
 *(.rel.plt)
 *(.rela.plt)
 *(.rel.dyn)
 *(.init)
 *(.plt)
 *(.text .stub .text.* .gnu.linkonce.t.*)
 .text          0x00008020       0x4c ../controle_caldeira_bsp//obj/HAL/src/crt0.o
                0x00008020                _start
 .text          0x0000806c        0x0 obj/default/hello_world_small.o
 .text.startup  0x0000806c       0xd4 obj/default/hello_world_small.o
                0x0000806c                main
 .text          0x00008140      0x104 ../controle_caldeira_bsp/\libhal_bsp.a(alt_load.o)
                0x00008140                alt_load
 .text          0x00008244       0x2c ../controle_caldeira_bsp/\libhal_bsp.a(alt_main.o)
                0x00008244                alt_main
 .text          0x00008270       0x38 ../controle_caldeira_bsp/\libhal_bsp.a(alt_putstr.o)
                0x00008270                alt_putstr
 .text          0x000082a8       0x24 ../controle_caldeira_bsp/\libhal_bsp.a(alt_sys_init.o)
                0x000082a8                alt_irq_init
                0x000082c8                alt_sys_init
 .text          0x000082cc       0x34 ../controle_caldeira_bsp/\libhal_bsp.a(altera_avalon_jtag_uart_write.o)
                0x000082cc                altera_avalon_jtag_uart_write
 .text          0x00008300       0x18 ../controle_caldeira_bsp/\libhal_bsp.a(alt_dcache_flush_all.o)
                0x00008300                alt_dcache_flush_all
 .text          0x00008318        0xc ../controle_caldeira_bsp/\libhal_bsp.a(alt_icache_flush_all.o)
                0x00008318                alt_icache_flush_all
 .text          0x00008324        0x8 ../controle_caldeira_bsp/\libhal_bsp.a(altera_nios2_qsys_irq.o)
                0x00008324                altera_nios2_qsys_irq_init
 .text          0x0000832c       0x38 ../controle_caldeira_bsp/\libhal_bsp.a(alt_icache_flush.o)
                0x0000832c                alt_icache_flush
 .text          0x00008364       0x28 c:/altera/13.1/nios2eds/bin/gnu/h-i686-mingw32/bin/../lib/gcc/nios2-elf/4.7.3/../../../../../H-i686-mingw32/nios2-elf/lib\libsmallc.a(lib_a-strlen.o)
                0x00008364                strlen
 *(.gnu.warning.*)
 *(.fini)
                0x0000838c                PROVIDE (__etext, ABSOLUTE (.))
                0x0000838c                PROVIDE (_etext, ABSOLUTE (.))
                0x0000838c                PROVIDE (etext, ABSOLUTE (.))
 *(.eh_frame_hdr)
                0x0000838c                . = ALIGN (0x4)
                0x0000838c                PROVIDE (__preinit_array_start, ABSOLUTE (.))
 *(.preinit_array)
                0x0000838c                PROVIDE (__preinit_array_end, ABSOLUTE (.))
                0x0000838c                PROVIDE (__init_array_start, ABSOLUTE (.))
 *(.init_array)
                0x0000838c                PROVIDE (__init_array_end, ABSOLUTE (.))
                0x0000838c                PROVIDE (__fini_array_start, ABSOLUTE (.))
 *(.fini_array)
                0x0000838c                PROVIDE (__fini_array_end, ABSOLUTE (.))
 *(.eh_frame)
 *(.gcc_except_table .gcc_except_table.*)
 *(.dynamic)
                0x0000838c                PROVIDE (__CTOR_LIST__, ABSOLUTE (.))
 *(.ctors)
 *(SORT(.ctors.*))
                0x0000838c                PROVIDE (__CTOR_END__, ABSOLUTE (.))
                0x0000838c                PROVIDE (__DTOR_LIST__, ABSOLUTE (.))
 *(.dtors)
 *(SORT(.dtors.*))
                0x0000838c                PROVIDE (__DTOR_END__, ABSOLUTE (.))
 *(.jcr)
                0x0000838c                . = ALIGN (0x4)

.rodata         0x0000838c       0x1c
                0x0000838c                PROVIDE (__ram_rodata_start, ABSOLUTE (.))
                0x0000838c                . = ALIGN (0x4)
 *(.rodata .rodata.* .gnu.linkonce.r.*)
 .rodata.str1.4
                0x0000838c       0x1c obj/default/hello_world_small.o
 *(.rodata1)
                0x000083a8                . = ALIGN (0x4)
                0x000083a8                PROVIDE (__ram_rodata_end, ABSOLUTE (.))
                0x0000838c                PROVIDE (__flash_rodata_start, LOADADDR (.rodata))

.rwdata         0x000083a8        0x4 load address 0x000083ac
                0x000083a8                PROVIDE (__ram_rwdata_start, ABSOLUTE (.))
                0x000083a8                . = ALIGN (0x4)
 *(.got.plt)
 *(.got)
 *(.data1)
 *(.data .data.* .gnu.linkonce.d.*)
 .data          0x000083a8        0x0 ../controle_caldeira_bsp//obj/HAL/src/crt0.o
 .data          0x000083a8        0x0 obj/default/hello_world_small.o
 .data          0x000083a8        0x0 ../controle_caldeira_bsp/\libhal_bsp.a(alt_load.o)
 .data          0x000083a8        0x0 ../controle_caldeira_bsp/\libhal_bsp.a(alt_main.o)
 .data          0x000083a8        0x0 ../controle_caldeira_bsp/\libhal_bsp.a(alt_putstr.o)
 .data          0x000083a8        0x0 ../controle_caldeira_bsp/\libhal_bsp.a(alt_sys_init.o)
 .data          0x000083a8        0x0 ../controle_caldeira_bsp/\libhal_bsp.a(altera_avalon_jtag_uart_write.o)
 .data          0x000083a8        0x0 ../controle_caldeira_bsp/\libhal_bsp.a(alt_dcache_flush_all.o)
 .data          0x000083a8        0x0 ../controle_caldeira_bsp/\libhal_bsp.a(alt_icache_flush_all.o)
 .data          0x000083a8        0x0 ../controle_caldeira_bsp/\libhal_bsp.a(altera_nios2_qsys_irq.o)
 .data          0x000083a8        0x0 ../controle_caldeira_bsp/\libhal_bsp.a(alt_icache_flush.o)
 .data          0x000083a8        0x0 c:/altera/13.1/nios2eds/bin/gnu/h-i686-mingw32/bin/../lib/gcc/nios2-elf/4.7.3/../../../../../H-i686-mingw32/nios2-elf/lib\libsmallc.a(lib_a-strlen.o)
                0x000103a8                _gp = ABSOLUTE ((. + 0x8000))
                0x000103a8                PROVIDE (gp, _gp)
 *(.rwdata .rwdata.*)
 *(.sdata .sdata.* .gnu.linkonce.s.*)
 .sdata         0x000083a8        0x4 ../controle_caldeira_bsp/\libhal_bsp.a(alt_sys_init.o)
                0x000083a8                jtag_uart
 *(.sdata2 .sdata2.* .gnu.linkonce.s2.*)
                0x000083ac                . = ALIGN (0x4)
                0x000083ac                _edata = ABSOLUTE (.)
                0x000083ac                PROVIDE (edata, ABSOLUTE (.))
                0x000083ac                PROVIDE (__ram_rwdata_end, ABSOLUTE (.))
                0x000083ac                PROVIDE (__flash_rwdata_start, LOADADDR (.rwdata))

.bss            0x000083b0        0xc
                0x000083b0                __bss_start = ABSOLUTE (.)
                0x000083b0                PROVIDE (__sbss_start, ABSOLUTE (.))
                0x000083b0                PROVIDE (___sbss_start, ABSOLUTE (.))
 *(.dynsbss)
 *(.sbss .sbss.* .gnu.linkonce.sb.*)
 .sbss          0x000083b0        0xc ../controle_caldeira_bsp/\libhal_bsp.a(alt_main.o)
                0x000083b0                alt_envp
                0x000083b4                alt_argv
                0x000083b8                alt_argc
 *(.sbss2 .sbss2.* .gnu.linkonce.sb2.*)
 *(.scommon)
                0x000083bc                PROVIDE (__sbss_end, ABSOLUTE (.))
                0x000083bc                PROVIDE (___sbss_end, ABSOLUTE (.))
 *(.dynbss)
 *(.bss .bss.* .gnu.linkonce.b.*)
 .bss           0x000083bc        0x0 ../controle_caldeira_bsp//obj/HAL/src/crt0.o
 .bss           0x000083bc        0x0 obj/default/hello_world_small.o
 .bss           0x000083bc        0x0 ../controle_caldeira_bsp/\libhal_bsp.a(alt_load.o)
 .bss           0x000083bc        0x0 ../controle_caldeira_bsp/\libhal_bsp.a(alt_main.o)
 .bss           0x000083bc        0x0 ../controle_caldeira_bsp/\libhal_bsp.a(alt_putstr.o)
 .bss           0x000083bc        0x0 ../controle_caldeira_bsp/\libhal_bsp.a(alt_sys_init.o)
 .bss           0x000083bc        0x0 ../controle_caldeira_bsp/\libhal_bsp.a(altera_avalon_jtag_uart_write.o)
 .bss           0x000083bc        0x0 ../controle_caldeira_bsp/\libhal_bsp.a(alt_dcache_flush_all.o)
 .bss           0x000083bc        0x0 ../controle_caldeira_bsp/\libhal_bsp.a(alt_icache_flush_all.o)
 .bss           0x000083bc        0x0 ../controle_caldeira_bsp/\libhal_bsp.a(altera_nios2_qsys_irq.o)
 .bss           0x000083bc        0x0 ../controle_caldeira_bsp/\libhal_bsp.a(alt_icache_flush.o)
 .bss           0x000083bc        0x0 c:/altera/13.1/nios2eds/bin/gnu/h-i686-mingw32/bin/../lib/gcc/nios2-elf/4.7.3/../../../../../H-i686-mingw32/nios2-elf/lib\libsmallc.a(lib_a-strlen.o)
 *(COMMON)
                0x000083bc                . = ALIGN (0x4)
                0x000083bc                __bss_end = ABSOLUTE (.)

.onchip_memory  0x000083bc        0x0
                0x000083bc                PROVIDE (_alt_partition_onchip_memory_start, ABSOLUTE (.))
 *(.onchip_memory .onchip_memory. onchip_memory.*)
                0x000083bc                . = ALIGN (0x4)
                0x000083bc                PROVIDE (_alt_partition_onchip_memory_end, ABSOLUTE (.))
                0x000083bc                _end = ABSOLUTE (.)
                0x000083bc                end = ABSOLUTE (.)
                0x000083bc                __alt_stack_base = ABSOLUTE (.)
                0x000083bc                PROVIDE (_alt_partition_onchip_memory_load_addr, LOADADDR (.onchip_memory))

.stab
 *(.stab)

.stabstr
 *(.stabstr)

.stab.excl
 *(.stab.excl)

.stab.exclstr
 *(.stab.exclstr)

.stab.index
 *(.stab.index)

.stab.indexstr
 *(.stab.indexstr)

.comment        0x00000000       0x23
 *(.comment)
 .comment       0x00000000       0x23 obj/default/hello_world_small.o
                                 0x24 (size before relaxing)
 .comment       0x00000000       0x24 ../controle_caldeira_bsp/\libhal_bsp.a(alt_load.o)
 .comment       0x00000000       0x24 ../controle_caldeira_bsp/\libhal_bsp.a(alt_main.o)
 .comment       0x00000000       0x24 ../controle_caldeira_bsp/\libhal_bsp.a(alt_putstr.o)
 .comment       0x00000000       0x24 ../controle_caldeira_bsp/\libhal_bsp.a(alt_sys_init.o)
 .comment       0x00000000       0x24 ../controle_caldeira_bsp/\libhal_bsp.a(altera_avalon_jtag_uart_write.o)
 .comment       0x00000000       0x24 ../controle_caldeira_bsp/\libhal_bsp.a(alt_dcache_flush_all.o)
 .comment       0x00000000       0x24 ../controle_caldeira_bsp/\libhal_bsp.a(alt_icache_flush_all.o)
 .comment       0x00000000       0x24 ../controle_caldeira_bsp/\libhal_bsp.a(altera_nios2_qsys_irq.o)
 .comment       0x00000000       0x24 ../controle_caldeira_bsp/\libhal_bsp.a(alt_icache_flush.o)
 .comment       0x00000000       0x24 c:/altera/13.1/nios2eds/bin/gnu/h-i686-mingw32/bin/../lib/gcc/nios2-elf/4.7.3/../../../../../H-i686-mingw32/nios2-elf/lib\libsmallc.a(lib_a-strlen.o)

.debug
 *(.debug)

.line
 *(.line)

.debug_srcinfo
 *(.debug_srcinfo)

.debug_sfnames
 *(.debug_sfnames)

.debug_aranges  0x00000000      0x188
 *(.debug_aranges)
 .debug_aranges
                0x00000000       0x28 ../controle_caldeira_bsp//obj/HAL/src/crt0.o
 .debug_aranges
                0x00000028       0x20 obj/default/hello_world_small.o
 .debug_aranges
                0x00000048       0x20 ../controle_caldeira_bsp/\libhal_bsp.a(alt_load.o)
 .debug_aranges
                0x00000068       0x20 ../controle_caldeira_bsp/\libhal_bsp.a(alt_main.o)
 .debug_aranges
                0x00000088       0x20 ../controle_caldeira_bsp/\libhal_bsp.a(alt_putstr.o)
 .debug_aranges
                0x000000a8       0x20 ../controle_caldeira_bsp/\libhal_bsp.a(alt_sys_init.o)
 .debug_aranges
                0x000000c8       0x20 ../controle_caldeira_bsp/\libhal_bsp.a(altera_avalon_jtag_uart_write.o)
 .debug_aranges
                0x000000e8       0x20 ../controle_caldeira_bsp/\libhal_bsp.a(alt_dcache_flush_all.o)
 .debug_aranges
                0x00000108       0x20 ../controle_caldeira_bsp/\libhal_bsp.a(alt_icache_flush_all.o)
 .debug_aranges
                0x00000128       0x20 ../controle_caldeira_bsp/\libhal_bsp.a(altera_nios2_qsys_irq.o)
 .debug_aranges
                0x00000148       0x20 ../controle_caldeira_bsp/\libhal_bsp.a(alt_icache_flush.o)
 .debug_aranges
                0x00000168       0x20 c:/altera/13.1/nios2eds/bin/gnu/h-i686-mingw32/bin/../lib/gcc/nios2-elf/4.7.3/../../../../../H-i686-mingw32/nios2-elf/lib\libsmallc.a(lib_a-strlen.o)

.debug_pubnames
 *(.debug_pubnames)

.debug_info     0x00000000      0xd01
 *(.debug_info .gnu.linkonce.wi.*)
 .debug_info    0x00000000       0x7a ../controle_caldeira_bsp//obj/HAL/src/crt0.o
 .debug_info    0x0000007a       0xfa obj/default/hello_world_small.o
 .debug_info    0x00000174      0x1b5 ../controle_caldeira_bsp/\libhal_bsp.a(alt_load.o)
 .debug_info    0x00000329      0x194 ../controle_caldeira_bsp/\libhal_bsp.a(alt_main.o)
 .debug_info    0x000004bd      0x171 ../controle_caldeira_bsp/\libhal_bsp.a(alt_putstr.o)
 .debug_info    0x0000062e      0x193 ../controle_caldeira_bsp/\libhal_bsp.a(alt_sys_init.o)
 .debug_info    0x000007c1      0x1a0 ../controle_caldeira_bsp/\libhal_bsp.a(altera_avalon_jtag_uart_write.o)
 .debug_info    0x00000961       0xa3 ../controle_caldeira_bsp/\libhal_bsp.a(alt_dcache_flush_all.o)
 .debug_info    0x00000a04       0xcd ../controle_caldeira_bsp/\libhal_bsp.a(alt_icache_flush_all.o)
 .debug_info    0x00000ad1       0x8f ../controle_caldeira_bsp/\libhal_bsp.a(altera_nios2_qsys_irq.o)
 .debug_info    0x00000b60       0xdb ../controle_caldeira_bsp/\libhal_bsp.a(alt_icache_flush.o)
 .debug_info    0x00000c3b       0xc6 c:/altera/13.1/nios2eds/bin/gnu/h-i686-mingw32/bin/../lib/gcc/nios2-elf/4.7.3/../../../../../H-i686-mingw32/nios2-elf/lib\libsmallc.a(lib_a-strlen.o)

.debug_abbrev   0x00000000      0x7b8
 *(.debug_abbrev)
 .debug_abbrev  0x00000000       0x12 ../controle_caldeira_bsp//obj/HAL/src/crt0.o
 .debug_abbrev  0x00000012       0xb4 obj/default/hello_world_small.o
 .debug_abbrev  0x000000c6       0xd6 ../controle_caldeira_bsp/\libhal_bsp.a(alt_load.o)
 .debug_abbrev  0x0000019c      0x120 ../controle_caldeira_bsp/\libhal_bsp.a(alt_main.o)
 .debug_abbrev  0x000002bc       0xe2 ../controle_caldeira_bsp/\libhal_bsp.a(alt_putstr.o)
 .debug_abbrev  0x0000039e      0x105 ../controle_caldeira_bsp/\libhal_bsp.a(alt_sys_init.o)
 .debug_abbrev  0x000004a3       0xd5 ../controle_caldeira_bsp/\libhal_bsp.a(altera_avalon_jtag_uart_write.o)
 .debug_abbrev  0x00000578       0x5a ../controle_caldeira_bsp/\libhal_bsp.a(alt_dcache_flush_all.o)
 .debug_abbrev  0x000005d2       0x8a ../controle_caldeira_bsp/\libhal_bsp.a(alt_icache_flush_all.o)
 .debug_abbrev  0x0000065c       0x42 ../controle_caldeira_bsp/\libhal_bsp.a(altera_nios2_qsys_irq.o)
 .debug_abbrev  0x0000069e       0x9b ../controle_caldeira_bsp/\libhal_bsp.a(alt_icache_flush.o)
 .debug_abbrev  0x00000739       0x7f c:/altera/13.1/nios2eds/bin/gnu/h-i686-mingw32/bin/../lib/gcc/nios2-elf/4.7.3/../../../../../H-i686-mingw32/nios2-elf/lib\libsmallc.a(lib_a-strlen.o)

.debug_line     0x00000000      0x90a
 *(.debug_line)
 .debug_line    0x00000000       0x72 ../controle_caldeira_bsp//obj/HAL/src/crt0.o
 .debug_line    0x00000072       0xcd obj/default/hello_world_small.o
 .debug_line    0x0000013f       0xd6 ../controle_caldeira_bsp/\libhal_bsp.a(alt_load.o)
 .debug_line    0x00000215       0xbd ../controle_caldeira_bsp/\libhal_bsp.a(alt_main.o)
 .debug_line    0x000002d2      0x123 ../controle_caldeira_bsp/\libhal_bsp.a(alt_putstr.o)
 .debug_line    0x000003f5      0x101 ../controle_caldeira_bsp/\libhal_bsp.a(alt_sys_init.o)
 .debug_line    0x000004f6       0xf5 ../controle_caldeira_bsp/\libhal_bsp.a(altera_avalon_jtag_uart_write.o)
 .debug_line    0x000005eb       0x5a ../controle_caldeira_bsp/\libhal_bsp.a(alt_dcache_flush_all.o)
 .debug_line    0x00000645       0x87 ../controle_caldeira_bsp/\libhal_bsp.a(alt_icache_flush_all.o)
 .debug_line    0x000006cc       0x50 ../controle_caldeira_bsp/\libhal_bsp.a(altera_nios2_qsys_irq.o)
 .debug_line    0x0000071c       0x7d ../controle_caldeira_bsp/\libhal_bsp.a(alt_icache_flush.o)
 .debug_line    0x00000799      0x171 c:/altera/13.1/nios2eds/bin/gnu/h-i686-mingw32/bin/../lib/gcc/nios2-elf/4.7.3/../../../../../H-i686-mingw32/nios2-elf/lib\libsmallc.a(lib_a-strlen.o)

.debug_frame    0x00000000      0x19c
 *(.debug_frame)
 .debug_frame   0x00000000       0x2c obj/default/hello_world_small.o
 .debug_frame   0x0000002c       0x28 ../controle_caldeira_bsp/\libhal_bsp.a(alt_load.o)
 .debug_frame   0x00000054       0x28 ../controle_caldeira_bsp/\libhal_bsp.a(alt_main.o)
 .debug_frame   0x0000007c       0x28 ../controle_caldeira_bsp/\libhal_bsp.a(alt_putstr.o)
 .debug_frame   0x000000a4       0x38 ../controle_caldeira_bsp/\libhal_bsp.a(alt_sys_init.o)
 .debug_frame   0x000000dc       0x20 ../controle_caldeira_bsp/\libhal_bsp.a(altera_avalon_jtag_uart_write.o)
 .debug_frame   0x000000fc       0x20 ../controle_caldeira_bsp/\libhal_bsp.a(alt_dcache_flush_all.o)
 .debug_frame   0x0000011c       0x20 ../controle_caldeira_bsp/\libhal_bsp.a(alt_icache_flush_all.o)
 .debug_frame   0x0000013c       0x20 ../controle_caldeira_bsp/\libhal_bsp.a(altera_nios2_qsys_irq.o)
 .debug_frame   0x0000015c       0x20 ../controle_caldeira_bsp/\libhal_bsp.a(alt_icache_flush.o)
 .debug_frame   0x0000017c       0x20 c:/altera/13.1/nios2eds/bin/gnu/h-i686-mingw32/bin/../lib/gcc/nios2-elf/4.7.3/../../../../../H-i686-mingw32/nios2-elf/lib\libsmallc.a(lib_a-strlen.o)

.debug_str      0x00000000      0x55a
 *(.debug_str)
 .debug_str     0x00000000       0xde obj/default/hello_world_small.o
                                0x10f (size before relaxing)
 .debug_str     0x000000de      0x16a ../controle_caldeira_bsp/\libhal_bsp.a(alt_load.o)
                                0x1ff (size before relaxing)
 .debug_str     0x00000248       0x8f ../controle_caldeira_bsp/\libhal_bsp.a(alt_main.o)
                                0x178 (size before relaxing)
 .debug_str     0x000002d7       0x6b ../controle_caldeira_bsp/\libhal_bsp.a(alt_putstr.o)
                                0x15a (size before relaxing)
 .debug_str     0x00000342       0x86 ../controle_caldeira_bsp/\libhal_bsp.a(alt_sys_init.o)
                                0x1e7 (size before relaxing)
 .debug_str     0x000003c8       0x38 ../controle_caldeira_bsp/\libhal_bsp.a(altera_avalon_jtag_uart_write.o)
                                0x1d8 (size before relaxing)
 .debug_str     0x00000400       0x1f ../controle_caldeira_bsp/\libhal_bsp.a(alt_dcache_flush_all.o)
                                0x118 (size before relaxing)
 .debug_str     0x0000041f       0x30 ../controle_caldeira_bsp/\libhal_bsp.a(alt_icache_flush_all.o)
                                0x131 (size before relaxing)
 .debug_str     0x0000044f       0x20 ../controle_caldeira_bsp/\libhal_bsp.a(altera_nios2_qsys_irq.o)
                                0x11f (size before relaxing)
 .debug_str     0x0000046f       0x1b ../controle_caldeira_bsp/\libhal_bsp.a(alt_icache_flush.o)
                                0x11e (size before relaxing)
 .debug_str     0x0000048a       0xd0 c:/altera/13.1/nios2eds/bin/gnu/h-i686-mingw32/bin/../lib/gcc/nios2-elf/4.7.3/../../../../../H-i686-mingw32/nios2-elf/lib\libsmallc.a(lib_a-strlen.o)
                                0x182 (size before relaxing)

.debug_loc      0x00000000      0x236
 *(.debug_loc)
 .debug_loc     0x00000000       0x46 obj/default/hello_world_small.o
 .debug_loc     0x00000046       0x20 ../controle_caldeira_bsp/\libhal_bsp.a(alt_load.o)
 .debug_loc     0x00000066       0x20 ../controle_caldeira_bsp/\libhal_bsp.a(alt_main.o)
 .debug_loc     0x00000086       0x57 ../controle_caldeira_bsp/\libhal_bsp.a(alt_putstr.o)
 .debug_loc     0x000000dd       0x41 ../controle_caldeira_bsp/\libhal_bsp.a(alt_sys_init.o)
 .debug_loc     0x0000011e       0x7e ../controle_caldeira_bsp/\libhal_bsp.a(altera_avalon_jtag_uart_write.o)
 .debug_loc     0x0000019c       0x1f ../controle_caldeira_bsp/\libhal_bsp.a(alt_dcache_flush_all.o)
 .debug_loc     0x000001bb       0x52 ../controle_caldeira_bsp/\libhal_bsp.a(alt_icache_flush.o)
 .debug_loc     0x0000020d       0x29 c:/altera/13.1/nios2eds/bin/gnu/h-i686-mingw32/bin/../lib/gcc/nios2-elf/4.7.3/../../../../../H-i686-mingw32/nios2-elf/lib\libsmallc.a(lib_a-strlen.o)

.debug_macinfo
 *(.debug_macinfo)

.debug_weaknames
 *(.debug_weaknames)

.debug_funcnames
 *(.debug_funcnames)

.debug_typenames
 *(.debug_typenames)

.debug_varnames
 *(.debug_varnames)

.debug_alt_sim_info
                0x00000000       0x30
 *(.debug_alt_sim_info)
 .debug_alt_sim_info
                0x00000000       0x30 ../controle_caldeira_bsp//obj/HAL/src/crt0.o
                0x00010000                __alt_data_end = 0x10000
                0x00010000                PROVIDE (__alt_stack_pointer, __alt_data_end)
                0x000083bc                PROVIDE (__alt_stack_limit, __alt_stack_base)
                0x000083bc                PROVIDE (__alt_heap_start, end)
                0x00010000                PROVIDE (__alt_heap_limit, 0x10000)
OUTPUT(controle_caldeira.elf elf32-littlenios2)

.debug_ranges   0x00000000       0x78
 .debug_ranges  0x00000000       0x20 ../controle_caldeira_bsp//obj/HAL/src/crt0.o
 .debug_ranges  0x00000020       0x10 obj/default/hello_world_small.o
 .debug_ranges  0x00000030       0x48 ../controle_caldeira_bsp/\libhal_bsp.a(alt_load.o)
